
ext {
    command = 'create-protocolbuffer-messages'
}

apply plugin: 'com.ngc.seaside.jellyfish.system-descriptor-derived'
