ext {
    command = 'create-java-events'
}

apply plugin: 'com.ngc.seaside.jellyfish.system-descriptor-derived'
