| Req    | ModelNoRequirements | ModelReqsInMetadata | ModelReqsInMetadataOfInputField | ModelReqsInMetadataOfOutputField | ModelReqsInMetadataOfPartsField |
| REQ001 |                     |          X          |                                 |                X                 |                                 |
| REQ002 |                     |          X          |                X                |                                  |                X                |
| REQ003 |                     |                     |                X                |                X                 |                                 |
| REQ004 |                     |                     |                                 |                X                 |                X                |
| REQ006 |                     |                     |                                 |                                  |                X                |
