| Req    | ModelReqsInMetadataOfInputField | ModelReqsInMetadataOfOutputField |
| REQ001 |                                 |                X                 |
| REQ002 |                X                |                                  |
| REQ003 |                X                |                X                 |
| REQ004 |                                 |                X                 |
