| Req    | ModelReqsInMetadata | ModelReqsInMetadataOfInputField | ModelReqsInMetadataOfOutputField |
| REQ001 |          X          |                                 |                X                 |
| REQ002 |          X          |                X                |                                  |
| REQ003 |                     |                X                |                X                 |
| REQ004 |                     |                                 |                X                 |
