rootProject.name = 'test-project-1'

include 'project1'
project(':project1').name = 'p1'

