<?xml version="1.0" encoding="UTF-8" standalone="yes"?>
<ns2:domain xmlns:ns2="http://blocs.ngc.com/domain/impl/common/generated">
    <config>
        <useVerboseImports>false</useVerboseImports>
    </config>
    <object class="com.ngc.seaside.threateval.ctps.domain.classifier.datatype.Classification" extends="com.ngc.seaside.threateval.ctps.domain.common.datatype.BaseData" generated="true" abstract="false">
        <property name="trackId" type="int" multiple="false" abstract="false"/>
        <property name="objectType" type="com.ngc.seaside.threateval.ctps.domain.classifier.datatype.ClassificationEnum" multiple="false" abstract="false"/>
    </object>
    <object class="com.ngc.seaside.threateval.ctps.domain.datatype.TrackPriority" extends="com.ngc.seaside.threateval.ctps.domain.common.datatype.BaseData" generated="true" abstract="false">
        <property name="trackId" type="int" multiple="false" abstract="false"/>
        <property name="sourceId" type="String" multiple="false" abstract="false"/>
        <property name="priority" type="float" multiple="false" abstract="false"/>
    </object>
    <object class="com.ngc.seaside.threateval.ctps.domain.common.datatype.Metadata" generated="true" abstract="false">
        <property name="correlationEventId" type="String" multiple="false" abstract="false"/>
    </object>
    <object class="com.ngc.seaside.threateval.ctps.domain.common.datatype.BaseData" generated="true" abstract="true">
        <property name="header" type="com.ngc.seaside.threateval.ctps.domain.common.datatype.Metadata" multiple="false" abstract="false"/>
    </object>
    <object class="com.ngc.seaside.threateval.ctps.domain.classifier.datatype.ClassificationEnum" type="enum" generated="true" abstract="false">
        <enum-values>FISH_HEAD BACKBONE FIN TAIL</enum-values>
    </object>
</ns2:domain>
