
ext {
    command = 'create-java-protobuf-connector'
}

apply plugin: 'com.ngc.seaside.jellyfish.system-descriptor-derived'
