package com.ngc.seaside.test1.model1;

import com.ngc.blocs.service.api.IServiceModule;
import com.ngc.blocs.service.event.api.IEventService;
import com.ngc.blocs.service.log.api.ILogService;
import com.ngc.seaside.service.fault.api.IFaultManagementService;
import com.ngc.seaside.service.fault.api.ServiceFaultException;
import com.ngc.seaside.service.fault.api.ServiceInputFaultException;
import com.ngc.seaside.threateval.engagementplanning.events.TrackEngagementStatus;
import com.ngc.seaside.test1.model1.api.IModel1;

import com.ngc.seaside.test1.model1.base.impl.AbstractModel1;
import com.ngc.seaside.threateval.events.TrackPriority;



import org.osgi.service.component.annotations.Activate;
import org.osgi.service.component.annotations.Component;
import org.osgi.service.component.annotations.Deactivate;
import org.osgi.service.component.annotations.Reference;
import org.osgi.service.component.annotations.ReferenceCardinality;
import org.osgi.service.component.annotations.ReferencePolicy;

public class Model1GuiceWrapper extends Abstract Model1 {

    private final Model1 delegate = new Model1();

    @Inject
    public Model1GuiceWrapper(ILogService logService, IEventService eventService, IFaultManagementService faultManagementService) {
       delegate.setLogService(logService);
       delegate.setEventService(eventService);
       delegate.setFaultManagementService(faultManagementService);
       delegate.activate();
    }
}
