package com.ngc.seaside.test1.model1.transport.topic;

import com.ngc.seaside.service.transport.api.ITransportTopic;

/**
 * The transport topics used by the model 1.
 */
public enum Model1TransportTopics implements ITransportTopic {
   DATA1,
   DATA3,
   DATA5_DATA,
   DATA2,
   DATA4
}
