
include 'com.ngc.seaside.threateval.engagementtrackpriorityservice'
project(':com.ngc.seaside.threateval.engagementtrackpriorityservice').name = 'engagementtrackpriorityservice'
