
ext {
    command = 'create-java-service-base'
}

apply plugin: 'com.ngc.seaside.jellyfish.system-descriptor-derived'
