<?xml version="1.0" encoding="UTF-8" standalone="yes"?>
<ns2:domain xmlns:ns2="http://blocs.ngc.com/domain/impl/common/generated">
    <config>
        <useVerboseImports>false</useVerboseImports>
    </config>
    <object class="com.ngc.seaside.threateval.datps.domain.common.datatype.SystemTrack" extends="com.ngc.seaside.threateval.datps.domain.common.datatype.BaseData" generated="true" abstract="false">
        <property name="identifier" type="com.ngc.seaside.threateval.datps.domain.common.datatype.SystemTrackIdentifier" multiple="false" abstract="false"/>
        <property name="state" type="com.ngc.seaside.threateval.datps.domain.common.datatype.StateVector" multiple="false" abstract="false"/>
        <property name="cov" type="com.ngc.seaside.threateval.datps.domain.common.datatype.Covariance" multiple="false" abstract="false"/>
    </object>
    <object class="com.ngc.seaside.threateval.datps.domain.defendedarea.datatype.ImpactAssessment" extends="com.ngc.seaside.threateval.datps.domain.common.datatype.BaseData" generated="true" abstract="false">
        <property name="systemTrackIdentifier" type="com.ngc.seaside.threateval.datps.domain.common.datatype.SystemTrackIdentifier" multiple="false" abstract="false"/>
        <property name="impactProbability" type="float" multiple="false" abstract="false"/>
        <property name="impactedAreaValue" type="float" multiple="false" abstract="false"/>
    </object>
    <object class="com.ngc.seaside.threateval.datps.domain.datatype.TrackPriority" extends="com.ngc.seaside.threateval.datps.domain.common.datatype.BaseData" generated="true" abstract="false">
        <property name="trackId" type="int" multiple="false" abstract="false"/>
        <property name="sourceId" type="String" multiple="false" abstract="false"/>
        <property name="priority" type="float" multiple="false" abstract="false"/>
    </object>
    <object class="com.ngc.seaside.threateval.datps.domain.common.datatype.SystemTrackIdentifier" generated="true" abstract="false">
        <property name="identifier" type="int" multiple="false" abstract="false"/>
    </object>
    <object class="com.ngc.seaside.threateval.datps.domain.common.datatype.StateVector" generated="true" abstract="false">
        <property name="validityTime" type="com.ngc.seaside.threateval.datps.domain.common.datatype.GPSTime" multiple="false" abstract="false"/>
        <property name="ecefPosition" type="com.ngc.seaside.threateval.datps.domain.common.datatype.Vector3" multiple="false" abstract="false"/>
        <property name="ecefVelocity" type="com.ngc.seaside.threateval.datps.domain.common.datatype.Vector3" multiple="false" abstract="false"/>
        <property name="ecefAcc" type="com.ngc.seaside.threateval.datps.domain.common.datatype.Vector3" multiple="false" abstract="false"/>
    </object>
    <object class="com.ngc.seaside.threateval.datps.domain.common.datatype.Covariance" generated="true" abstract="false"/>
    <object class="com.ngc.seaside.threateval.datps.domain.common.datatype.Metadata" generated="true" abstract="false">
        <property name="correlationEventId" type="String" multiple="false" abstract="false"/>
    </object>
    <object class="com.ngc.seaside.threateval.datps.domain.common.datatype.GPSTime" generated="true" abstract="false">
        <property name="secondsFromGPS" type="int" multiple="false" abstract="false"/>
        <property name="microseconds" type="int" multiple="false" abstract="false"/>
    </object>
    <object class="com.ngc.seaside.threateval.datps.domain.common.datatype.Vector3" generated="true" abstract="false">
        <property name="x" type="float" multiple="false" abstract="false"/>
        <property name="y" type="float" multiple="false" abstract="false"/>
        <property name="z" type="float" multiple="false" abstract="false"/>
    </object>
    <object class="com.ngc.seaside.threateval.datps.domain.common.datatype.BaseData" generated="true" abstract="true">
        <property name="header" type="com.ngc.seaside.threateval.datps.domain.common.datatype.Metadata" multiple="false" abstract="false"/>
    </object>
</ns2:domain>
