package com.ngc.seaside.threateval.engagementtrackpriorityservice.api;

import com.ngc.seaside.service.fault.api.ServiceFaultException;
import com.ngc.seaside.threateval.engagementtrackpriorityservice.events.TrackEngagementStatus;
import com.ngc.seaside.threateval.engagementtrackpriorityservice.events.TrackPriority;

public interface IEngagementTrackPriorityService {

   TrackPriority calculateTrackPriority(TrackEngagementStatus trackEngagementStatus) throws ServiceFaultException;
}
