package com.ngc.seaside.threateval.engagementtrackpriorityservice.transport.topic;

import com.ngc.seaside.service.transport.api.ITransportTopic;

public enum EngagementTrackPriorityServiceTransportTopics implements ITransportTopic {
   TRACK_ENGAGEMENT_STATUS,
   TRACK_PRIORITY,
}
