<!DOCTYPE html>
<html lang="en">

<head>
  <title>Jellyfish Analysis Report</title>
  <meta charset="utf-8">
  <link rel="stylesheet" type="text/css" href="assets/css/style.css">
</head>

<body>

<div class="summary">
<h1 id="summary">Summary</h1>
<p><i class="error fas fa-times"></i><a href="#errors"> 0 errors</a></p>
<p><i class="warning fas fa-exclamation-triangle"></i><a href="#warnings"> 2 warnings</a></p>
</div>

<div class="errors">
<h1 id="errors">Errors</h1>
</div>

<div class="warnings">
<h1 id="warnings">Warnings</h1>
<div class="finding-type">
<h2>Ensure a model's budgets are satisfied by its parts</h2>
<p>Some models define a budget which allows its parts (and nested parts) to contribute to that budget. This enables
the system architecture to ensure that all budget constraints are met.</p>
<div class="finding">
<div class="source-location">
<i class="warning fas fa-exclamation-triangle"></i> <span class="file-name">/com/ngc/seaside/book/examples/budgets/AttackMissionEquipmentPackage.sd</span>
<span class="line-number">line 31</span>
<span class="col">col 11</span>
</div>
<div class="source-snippet">
<div class="source-code language-sd">
<pre class="line">  }	</pre>
<pre class="line">	</pre>
<pre class="line">  properties {</pre>
<pre class="line offending-line">  	Budget <span class="offending">power</span></pre>
<pre class="line">  	string weight</pre>
<pre class="line">  	</pre>
<pre class="line">  	power.max = "100 kW"</pre>
</div>
</div>
<div class="finding-details">
<p>power is over budget: 400.04 kW. Budget range: [0 kW, 100 kW]</p>
</div>
</div>
</div>
<div class="finding-type">
<h2>Feature files should be associated with a model and scenario</h2>
<p>Feature files, typically located in <code>src/test/gherkin</code> of a system descriptor project, should be associated with a
model and a scenario, and vice versa. This means that the folder path of the feature file relative to
<code>src/test/gherkin</code> should correspond with a model's package name. The name of the feature file should have the format
<code>&lt;model-name&gt;.&lt;scenario-name&gt;.feature</code>.</p>
<p>For example, consider a model with package <code>com.ngc.example</code>, a name of <code>ExampleModel</code>, and scenario <code>doSomething</code>.
There should be a feature file with the path <code>src/test/gherkin/com/ngc/example/ExampleModel.doSomething.feature</code>.</p>
<div class="finding">
<div class="source-location">
<i class="warning fas fa-exclamation-triangle"></i> <span class="file-name">/com/ngc/seaside/book/examples/budgets/ZaptorAirVehicle.sd</span>
<span class="line-number">line 27</span>
<span class="col">col 11</span>
</div>
<div class="source-snippet">
<div class="source-code language-sd">
<pre class="line">import com.ngc.seaside.book.examples.budgets.FlightControls</pre>
<pre class="line"></pre>
<pre class="line">model ZaptorAirVehicle {</pre>
<pre class="line offending-line">	scenario <span class="offending">scenarioMissingFeature</span> {</pre>
<pre class="line">		when completing within 10 seconds</pre>
<pre class="line">		then willBeCompleted within 10 seconds</pre>
<pre class="line">	}</pre>
</div>
</div>
<div class="finding-details">
<p>Scenario scenarioMissingFeature in model com.ngc.seaside.book.examples.budgets.ZaptorAirVehicle does not have a feature file.</p>
</div>
</div>
</div>
</div>

<div class="info">
<h1 id="info">Info</h1>
<div class="finding-type">
<h2>Ensure a model's budgets are satisfied by its parts</h2>
<p>Some models define a budget which allows its parts (and nested parts) to contribute to that budget. This enables
the system architecture to ensure that all budget constraints are met.</p>
<div class="finding">
<div class="source-location">
<span class="file-name">/com/ngc/seaside/book/examples/budgets/ZaptorAirVehicle.sd</span>
<span class="line-number">line 46</span>
<span class="col">col 10</span>
</div>
<div class="source-snippet">
<div class="source-code language-sd">
<pre class="line">	}</pre>
<pre class="line"></pre>
<pre class="line">	properties {</pre>
<pre class="line offending-line">		Budget <span class="offending">weight</span></pre>
<pre class="line"></pre>
<pre class="line">		weight.max = "2500 kg"</pre>
<pre class="line">		weight.min = "0"</pre>
</div>
</div>
<div class="finding-details">
<p>weight is within budget: 479.053 kg. Budget range: [0 kg, 2500 kg]</p>
</div>
</div>
</div>
</div>

<div class="runtime-info">
<h1>Runtime Information</h1>
<p>Jellyfish executed with the following parameters:
<ul>
<li>analyses = analyze-budget,analyze-features</li>
<li>reports = html-report</li>
<li>reportName = analysis</li>
<li>model = com.ngc.seaside.book.examples.budgets.ZaptorAirVehicle</li>
<li>outputDirectory = C:\ceacide\jellyfish\jellyfish-examples\regressions\14/generatedOutput</li>
<li>clean = true</li>
<li>version = 1.0-SNAPSHOT</li>
<li>gav = com.ngc.seaside.jellyfish.examples:budget.descriptor:1.0.0-SNAPSHOT</li>
<li>command = analyze</li>
<li>inputDirectory = c:\ceacide\jellyfish\.</li>
</ul>
</p>
</div>

</body>

</html>
