<!DOCTYPE html>
<html lang="en">

<head>
  <title>Jellyfish Analysis Report</title>
  <meta charset="utf-8">
  <link rel="stylesheet" type="text/css" href="assets/css/style.css">
</head>

<body>

<div class="summary">
<h1 id="summary">Summary</h1>
<p><i class="error fas fa-times"></i><a href="#errors"> 0 errors</a></p>
<p><i class="warning fas fa-exclamation-triangle"></i><a href="#warnings"> 1 warnings</a></p>
</div>

<div class="errors">
<h1 id="errors">Errors</h1>
</div>

<div class="warnings">
<h1 id="warnings">Warnings</h1>
<div class="finding-type">
<h2>Ensure a model's budgets are satisfied by its parts</h2>
<p>Some models define a budget which allows its parts (and nested parts) to contribute to that budget. This enables
the system architecture to ensure that all budget constraints are met.</p>
<div class="finding">
<div class="source-location">
<i class="warning fas fa-exclamation-triangle"></i> <span class="file-name">/com/ngc/seaside/book/examples/budgets/AttackMissionEquipmentPackage.sd</span>
<span class="line-number">line 15</span>
<span class="col">col 11</span>
</div>
<div class="source-snippet">
<div class="source-code language-sd">
<pre class="line">  }	</pre>
<pre class="line">	</pre>
<pre class="line">  properties {</pre>
<pre class="line offending-line">  	Budget <span class="offending">power</span></pre>
<pre class="line">  	string weight</pre>
<pre class="line">  	</pre>
<pre class="line">  	power.max = "100 kW"</pre>
</div>
</div>
<div class="finding-details">
<p>power is over budget: 400.04 kW. Budget range: [0.00 kW, 100 kW]</p>
</div>
</div>
</div>
</div>

<div class="info">
<h1 id="info">Info</h1>
<div class="finding-type">
<h2>Ensure a model's budgets are satisfied by its parts</h2>
<p>Some models define a budget which allows its parts (and nested parts) to contribute to that budget. This enables
the system architecture to ensure that all budget constraints are met.</p>
<div class="finding">
<div class="source-location">
<span class="file-name">/com/ngc/seaside/book/examples/budgets/ZaptorAirVehicle.sd</span>
<span class="line-number">line 21</span>
<span class="col">col 10</span>
</div>
<div class="source-snippet">
<div class="source-code language-sd">
<pre class="line">	}</pre>
<pre class="line">	</pre>
<pre class="line">	properties {</pre>
<pre class="line offending-line">		Budget <span class="offending">weight</span></pre>
<pre class="line">		weight.max = "2500 kg"</pre>
<pre class="line">		weight.min = "0"</pre>
<pre class="line">		weight.givenBy = "weight"</pre>
</div>
</div>
<div class="finding-details">
<p>weight is within budget: 479.053 kg. Budget range: [0.00 kg, 2500 kg]</p>
</div>
</div>
</div>
</div>

<div class="runtime-info">
<h1>Runtime Information</h1>
<p>Jellyfish executed with the following parameters:
<ul>
<li>analyses = analyze-budget</li>
<li>reports = html-report</li>
<li>reportName = budget</li>
<li>outputDirectory = C:\ceacide\jellyfish\jellyfish-examples\regressions\14/generatedOutput</li>
<li>model = com.ngc.seaside.book.examples.budgets.ZaptorAirVehicle</li>
<li>clean = true</li>
<li>gav = com.ngc.seaside.jellyfish.examples:budget.descriptor:1.0.0-SNAPSHOT</li>
<li>version = 1.0-SNAPSHOT</li>
<li>command = analyze</li>
<li>inputDir = c:\ceacide\jellyfish\jellyfish-examples\.</li>
</ul>
</p>
</div>

</body>

</html>
